// Jest Snapshot v1, https://goo.gl/fbAQLP

exports[`Playlist renders correctly 1`] = `null`;
