// Jest Snapshot v1, https://goo.gl/fbAQLP

exports[`Search Button renders correctly 1`] = `
.c0 {
  margin-left: 10px;
}

<div
  className="c0"
>
  <svg>
    search.svg
  </svg>
</div>
`;
