// Jest Snapshot v1, https://goo.gl/fbAQLP

exports[`Search Bar renders correctly 1`] = `
.c2 {
  margin-left: 10px;
}

.c0 {
  display: -webkit-box;
  display: -webkit-flex;
  display: -ms-flexbox;
  display: flex;
  -webkit-box-pack: center;
  -webkit-justify-content: center;
  -ms-flex-pack: center;
  justify-content: center;
  -webkit-align-items: center;
  -webkit-box-align: center;
  -ms-flex-align: center;
  align-items: center;
  margin-top: 5rem;
}

.c1 {
  color: #191414;
  background-color: #f4f2f2;
  font-size: 1.6rem;
  border: none;
  padding: 1rem 4rem;
  border-radius: 10rem;
  width: 35%;
  -webkit-transition: all .2s;
  transition: all .2s;
  margin-right: -5rem;
}

.c1:focus {
  outline: none;
  width: 45%;
  background-color: #f0eeee;
}

.c1::-web-kit-input-placeholder {
  font-weight: 100;
  color: #ccc;
}

@media (max-width:37.5em) {
  .c0 {
    margin-top: 10rem;
  }
}

<div
  className="c0"
>
  <input
    className="c1"
    onChange={[Function]}
    placeholder="Search an artist or song ..."
    type="text"
    value=""
  />
  <div
    className="c2"
  >
    <svg>
      search.svg
    </svg>
  </div>
</div>
`;
