// Jest Snapshot v1, https://goo.gl/fbAQLP

exports[`Play Button renders correctly 1`] = `
.c0:hover {
  fill: #1DB954;
  cursor: pointer;
  -webkit-transition: all .1s;
  transition: all .1s;
}

<div
  className="c0"
>
  <svg
    height="56px"
    viewBox="0 0 56 56"
    width="56px"
  >
    <title>
      Group 2
    </title>
    <desc>
      Created with Sketch.
    </desc>
    <g
      fill="none"
      fillRule="evenodd"
      id="Description"
      stroke="none"
      strokeWidth="1"
    >
      <g
        id="Group-2"
      >
        <circle
          cx="28"
          cy="28"
          id="Oval"
          r="27"
          stroke="#FFFFFF"
          strokeWidth="2"
        />
        <path
          d="M31.9246646,15.5313589 L45.8542333,39.3892467 C46.1524238,39.8999728 45.9801296,40.5557293 45.4694035,40.8539197 C45.3055497,40.9495867 45.1192192,41 44.9294819,41 L17.0703444,41 C16.4789404,41 15.9995127,40.5205723 15.9995127,39.9291683 C15.9995127,39.739431 16.049926,39.5531005 16.145593,39.3892467 L30.0751617,15.5313589 C30.3733522,15.0206328 31.0291086,14.8483386 31.5398348,15.1465291 C31.6991119,15.239524 31.8316697,15.3720817 31.9246646,15.5313589 Z"
          fill="#FFFFFF"
          id="Triangle-Copy"
          transform="translate(31.000000, 28.000000) rotate(-270.000000) translate(-31.000000, -28.000000) "
        />
      </g>
    </g>
  </svg>
</div>
`;
